1  effort_dev_coffs
2  effort_dev_coffs
3  effort_dev_coffs
4  effort_dev_coffs
5  effort_dev_coffs
6  effort_dev_coffs
7  effort_dev_coffs
8  effort_dev_coffs
9  effort_dev_coffs
10  effort_dev_coffs
11  effort_dev_coffs
12  effort_dev_coffs
13  effort_dev_coffs
14  effort_dev_coffs
15  effort_dev_coffs
16  effort_dev_coffs
17  effort_dev_coffs
18  effort_dev_coffs
19  effort_dev_coffs
20  effort_dev_coffs
21  effort_dev_coffs
22  effort_dev_coffs
23  effort_dev_coffs
24  effort_dev_coffs
25  effort_dev_coffs
26  effort_dev_coffs
27  effort_dev_coffs
28  effort_dev_coffs
29  effort_dev_coffs
30  effort_dev_coffs
31  effort_dev_coffs
32  effort_dev_coffs
33  effort_dev_coffs
34  effort_dev_coffs
35  effort_dev_coffs
36  effort_dev_coffs
37  effort_dev_coffs
38  effort_dev_coffs
39  effort_dev_coffs
40  effort_dev_coffs
41  effort_dev_coffs
42  effort_dev_coffs
43  effort_dev_coffs
44  effort_dev_coffs
45  effort_dev_coffs
46  effort_dev_coffs
47  effort_dev_coffs
48  effort_dev_coffs
49  effort_dev_coffs
50  effort_dev_coffs
51  effort_dev_coffs
52  effort_dev_coffs
53  effort_dev_coffs
54  effort_dev_coffs
55  effort_dev_coffs
56  effort_dev_coffs
57  effort_dev_coffs
58  effort_dev_coffs
59  effort_dev_coffs
60  effort_dev_coffs
63  selcoff
64  selcoff
65  selcoff
66  selcoff
67  selcoff
68  selcoff
69  selcoff
70  selcoff
71  selcoff
72  selcoff
73  selcoff
74  selcoff
75  selcoff
76  selcoff
77  selcoff
78  selcoff
79  selcoff
80  selcoff
81  selcoff
82  selcoff
83  selcoff
84  selcoff
85  catch_dev_coffs
86  catch_dev_coffs
87  catch_dev_coffs
88  catch_dev_coffs
89  catch_dev_coffs
90  catch_dev_coffs
91  catch_dev_coffs
92  catch_dev_coffs
93  catch_dev_coffs
94  catch_dev_coffs
95  catch_dev_coffs
96  catch_dev_coffs
97  catch_dev_coffs
98  catch_dev_coffs
99  catch_dev_coffs
100  catch_dev_coffs
101  catch_dev_coffs
102  catch_dev_coffs
103  catch_dev_coffs
104  catch_dev_coffs
105  catch_dev_coffs
106  catch_dev_coffs
107  catch_dev_coffs
108  catch_dev_coffs
109  catch_dev_coffs
110  catch_dev_coffs
111  catch_dev_coffs
112  catch_dev_coffs
113  catch_dev_coffs
114  catch_dev_coffs
115  catch_dev_coffs
116  catch_dev_coffs
117  catch_dev_coffs
118  catch_dev_coffs
119  catch_dev_coffs
120  catch_dev_coffs
121  catch_dev_coffs
122  catch_dev_coffs
123  catch_dev_coffs
124  catch_dev_coffs
125  catch_dev_coffs
126  catch_dev_coffs
127  catch_dev_coffs
128  catch_dev_coffs
129  catch_dev_coffs
130  catch_dev_coffs
131  catch_dev_coffs
132  catch_dev_coffs
133  catch_dev_coffs
134  catch_dev_coffs
135  catch_dev_coffs
136  catch_dev_coffs
137  catch_dev_coffs
138  catch_dev_coffs
139  catch_dev_coffs
140  catch_dev_coffs
141  catch_dev_coffs
142  catch_dev_coffs
143  recr
144  recr
145  recr
146  recr
147  recr
148  recr
149  recr
150  recr
151  recr
152  recr
153  recr
154  recr
155  recr
156  recr
157  recr
158  recr
159  recr
160  recr
161  recr
162  recr
163  recr
164  recr
165  recr
166  recr
167  recr
168  recr
169  recr
170  recr
171  recr
172  recr
173  recr
174  recr
175  recr
176  recr
177  recr
178  recr
179  recr
180  recr
181  recr
182  recr
183  initpop
184  initpop
185  initpop
186  initpop
187  initpop
188  initpop
189  initpop
190  initpop
191  initpop
192  initpop
193  initpop
194  initpop
195  initpop
196  totpop
197  vb_coff(1)
198  vb_coff(2)
199  vb_coff(3)
200  var_coff(1)
201  var_coff(2)
